iot.trtekyazilim.com backend_1
adhbsui.trtekyazilim.com backend_2
api.trtekyazilim.com backend_3
apisemp.trtekyazilim.com backend_4
app.trtekyazilim.com backend_5
aracyonetim.trtekyazilim.com backend_6
aracyonetimapi.trtekyazilim.com backend_7
benimlegulumse.trtekyazilim.com backend_8
biosign.trtekyazilim.com backend_9
cihaztakip.trtekyazilim.com backend_10
cmsdemo.trtekyazilim.com backend_11
demofakulte.trtekyazilim.com backend_12
dhbs.trtekyazilim.com backend_13
disklinik.trtekyazilim.com backend_14
disunit.trtekyazilim.com backend_15
dockerhub.trtekyazilim.com backend_16
ebb.trtekyazilim.com backend_17
engelli.trtekyazilim.com backend_18
fakultedemo.trtekyazilim.com backend_19
form.trtekyazilim.com backend_20
hbys.trtekyazilim.com backend_21
hbysdemo.trtekyazilim.com backend_22
katalog.trtekyazilim.com backend_24
kavisayarlar.trtekyazilim.com backend_25
kavisenvanter.trtekyazilim.com backend_26
kdhbs.trtekyazilim.com backend_27
kdhbsapi.trtekyazilim.com backend_28
konfigurasyon.trtekyazilim.com backend_29
kurumsalapi.trtekyazilim.com backend_30
kuwaitdental.trtekyazilim.com backend_31
meetup.trtekyazilim.com backend_32
mersinadsh.trtekyazilim.com backend_33
mobilapi.trtekyazilim.com backend_34
nottakipsistemi.trtekyazilim.com backend_35
nuget.trtekyazilim.com backend_36
ozeldis.trtekyazilim.com backend_37
projeyonetim.trtekyazilim.com backend_38
satinalma.trtekyazilim.com backend_39
semp.trtekyazilim.com backend_40
sms.trtekyazilim.com backend_41
sorucevap.trtekyazilim.com backend_42
token.trtekyazilim.com backend_43
trtekyazilim.com backend_44
uzaktanegitim.trtekyazilim.com backend_45
uzkdemo.trtekyazilim.com backend_46
vatanhst.trtekyazilim.com backend_47
webhbys.trtekyazilim.com backend_48
webhbysapi.trtekyazilim.com backend_49
webhbysdev.trtekyazilim.com backend_50
webhbysjsonserver.trtekyazilim.com backend_51
webhbystest.trtekyazilim.com backend_52
webhbystestapi.trtekyazilim.com backend_53
www.trtekyazilim.com backend_55
npm.trtekyazilim.com backend_61
